>>> say_my_name = __import__("3-say_my_name").say_my_name
>>> say_my_name("abebe", "beso")
My name is abebe beso
>>> say_my_name("chala")
My name is chala 
>>> say_my_name(5)
Traceback (most recent call last):
    ...
TypeError: first_name must be a string
>>> say_my_name("chala", 30)
Traceback (most recent call last):
    ...
TypeError: last_name must be a string
>>> say_my_name(50, 30)
Traceback (most recent call last):
    ...
TypeError: first_name must be a string
>>> say_my_name("", "jo")
My name is  jo
>>> say_my_name()
Traceback (most recent call last):
  ...
TypeError: say_my_name() missing 1 required positional argument: 'first_name'
